{
    "id": "00000000-0000-0000-0000-000000000000",
    "specifications": [
        {
            "name": "spec name",
            "version": "spec version",
            "url": "url",
            "schemaVersion": "spec schema version",
            "pass": true,
            "tests": [
                {
                    "name": "test name",
                    "id": "test id",
                    "endpoint": "test endpoint",
                    "pass": true
                }
            ]
        }
    ]
}