[
    {
        "Code": "ReadAccountsBasic",
        "Endpoints": [
            "/accounts",
            "/accounts/{AccountId}"
        ],
        "Default": true,
        "RequiredOneOrMore": [],
        "Optional": []
    },
    {
        "Code": "ReadAccountsDetail",
        "Endpoints": [
            "/accounts",
            "/accounts/{AccountId}"
        ],
        "Default": false,
        "RequiredOneOrMore": [],
        "Optional": []
    },
    {
        "Code": "ReadBalances",
        "Endpoints": [
            "/balances",
            "/accounts/{AccountId}/balances"
        ],
        "Default": false,
        "RequiredOneOrMore": [],
        "Optional": []
    },
    {
        "Code": "ReadBeneficiariesBasic",
        "Endpoints": [
            "/beneficiaries",
            "/accounts/{AccountId}/beneficiaries"
        ],
        "Default": true,
        "RequiredOneOrMore": [],
        "Optional": []
    },
    {
        "Code": "ReadBeneficiariesDetail",
        "Endpoints": [
            "/beneficiaries",
            "/accounts/{AccountId}/beneficiaries"
        ],
        "Default": false,
        "RequiredOneOrMore": [],
        "Optional": []
    },
    {
        "Code": "ReadDirectDebits",
        "Endpoints": [
            "/direct-debits",
            "/accounts/{AccountId}/direct-debits"
        ],
        "Default": false,
        "RequiredOneOrMore": [],
        "Optional": []
    },
    {
        "Code": "ReadStandingOrdersBasic",
        "Endpoints": [
            "/standing-orders",
            "/accounts/{AccountId}/standing-orders"
        ],
        "Default": true,
        "RequiredOneOrMore": [],
        "Optional": []
    },
    {
        "Code": "ReadStandingOrdersDetail",
        "Endpoints": [
            "/standing-orders",
            "/accounts/{AccountId}/standing-orders"
        ],
        "Default": false,
        "RequiredOneOrMore": [],
        "Optional": []
    },
    {
        "Code": "ReadTransactionsBasic",
        "Endpoints": [
            "/transactions",
            "/accounts/{AccountId}/transactions",
            "/accounts/{AccountId}/statements/{StatementId}/transactions"
        ],
        "Default": true,
        "RequiredOneOrMore": [
            "ReadTransactionsCredits",
            "ReadTransactionsDebits"
        ],
        "Optional": [
            "ReadPAN"
        ]
    },
    {
        "Code": "ReadTransactionsDetail",
        "Endpoints": [
            "/transactions",
            "/accounts/{AccountId}/transactions",
            "/accounts/{AccountId}/statements/{StatementId}/transactions"
        ],
        "Default": false,
        "RequiredOneOrMore": [
            "ReadTransactionsCredits",
            "ReadTransactionsDebits"
        ],
        "Optional": [
            "ReadPAN"
        ]
    },
    {
        "Code": "ReadTransactionsCredits",
        "Endpoints": [
            "/transactions",
            "/accounts/{AccountId}/transactions",
            "/accounts/{AccountId}/statements/{StatementId}/transactions"
        ],
        "Default": true,
        "RequiredOneOrMore": [
            "ReadTransactionsBasic",
            "ReadTransactionsDetail"
        ],
        "Optional": [
            "ReadPAN"
        ]
    },
    {
        "Code": "ReadTransactionsDebits",
        "Endpoints": [
            "/transactions",
            "/accounts/{AccountId}/transactions",
            "/accounts/{AccountId}/statements/{StatementId}/transactions"
        ],
        "Default": true,
        "RequiredOneOrMore": [
            "ReadTransactionsBasic",
            "ReadTransactionsDetail"
        ],
        "Optional": [
            "ReadPAN"
        ]
    },
    {
        "Code": "ReadStatementsBasic",
        "Endpoints": [
            "/statements",
            "/accounts/{AccountId}/statements"
        ],
        "Default": false,
        "RequiredOneOrMore": [],
        "Optional": []
    },
    {
        "Code": "ReadStatementsDetail",
        "Endpoints": [
            "/statements",
            "/accounts/{AccountId}/statements",
            "/accounts/{AccountId}/statements/{StatementId}/file"
        ],
        "Default": false,
        "RequiredOneOrMore": [],
        "Optional": []
    },
    {
        "Code": "ReadProducts",
        "Endpoints": [
            "/products",
            "/accounts/{AccountId}/product"
        ],
        "Default": false,
        "RequiredOneOrMore": [],
        "Optional": []
    },
    {
        "Code": "ReadOffers",
        "Endpoints": [
            "/offers",
            "/accounts/{AccountId}/offers"
        ],
        "Default": false,
        "RequiredOneOrMore": [],
        "Optional": []
    },
    {
        "Code": "ReadParty",
        "Endpoints": [
            "/accounts/{AccountId}/party"
        ],
        "Default": false,
        "RequiredOneOrMore": [],
        "Optional": []
    },
    {
        "Code": "ReadPartyPSU",
        "Endpoints": [
            "/party"
        ],
        "Default": false,
        "RequiredOneOrMore": [],
        "Optional": []
    },
    {
        "Code": "ReadScheduledPaymentsBasic",
        "Endpoints": [
            "/scheduled-payments",
            "/accounts/{AccountId}/scheduled-payments"
        ],
        "Default": true,
        "RequiredOneOrMore": [],
        "Optional": []
    },
    {
        "Code": "ReadScheduledPaymentsDetail",
        "Endpoints": [
            "/scheduled-payments",
            "/accounts/{AccountId}/scheduled-payments"
        ],
        "Default": false,
        "RequiredOneOrMore": [],
        "Optional": []
    },
    {
        "Code": "ReadPAN",
        "Endpoints": [
            "",
            ""
        ],
        "Default": false,
        "RequiredOneOrMore": [],
        "Optional": []
    }
]
