[
    {
        "Identifier": "account-transaction-v3.1",
        "Name": "Account and Transaction API Specification",
        "URL": {
            "Scheme": "https",
            "Opaque": "",
            "User": null,
            "Host": "openbanking.atlassian.net",
            "Path": "/wiki/spaces/DZ/pages/937820271/Account+and+Transaction+API+Specification+-+v3.1",
            "RawPath": "",
            "ForceQuery": false,
            "RawQuery": "",
            "Fragment": ""
        },
        "Version": "v3.1",
        "SchemaVersion": {
            "Scheme": "https",
            "Opaque": "",
            "User": null,
            "Host": "raw.githubusercontent.com",
            "Path": "/OpenBankingUK/read-write-api-specs/v3.1.0/dist/account-info-swagger.json",
            "RawPath": "",
            "ForceQuery": false,
            "RawQuery": "",
            "Fragment": ""
        }
    },
    {
        "Identifier": "payment-initiation-v3.1",
        "Name": "Payment Initiation API",
        "URL": {
            "Scheme": "https",
            "Opaque": "",
            "User": null,
            "Host": "openbanking.atlassian.net",
            "Path": "/wiki/spaces/DZ/pages/937754701/Payment+Initiation+API+Specification+-+v3.1",
            "RawPath": "",
            "ForceQuery": false,
            "RawQuery": "",
            "Fragment": ""
        },
        "Version": "v3.1",
        "SchemaVersion": {
            "Scheme": "https",
            "Opaque": "",
            "User": null,
            "Host": "raw.githubusercontent.com",
            "Path": "/OpenBankingUK/read-write-api-specs/v3.1.0/dist/payment-initiation-swagger.json",
            "RawPath": "",
            "ForceQuery": false,
            "RawQuery": "",
            "Fragment": ""
        }
    },
    {
        "Identifier": "confirmation-funds-v3.1",
        "Name": "Confirmation of Funds API Specification",
        "URL": {
            "Scheme": "https",
            "Opaque": "",
            "User": null,
            "Host": "openbanking.atlassian.net",
            "Path": "/wiki/spaces/DZ/pages/937951380/Confirmation+of+Funds+API+Specification+-+v3.1",
            "RawPath": "",
            "ForceQuery": false,
            "RawQuery": "",
            "Fragment": ""
        },
        "Version": "v3.1",
        "SchemaVersion": {
            "Scheme": "https",
            "Opaque": "",
            "User": null,
            "Host": "raw.githubusercontent.com",
            "Path": "/OpenBankingUK/read-write-api-specs/v3.1.0/dist/confirmation-funds-swagger.json",
            "RawPath": "",
            "ForceQuery": false,
            "RawQuery": "",
            "Fragment": ""
        }
    },
    {
        "Identifier": "event-notification-aspsp-v3.1",
        "Name": "Event Notification API Specification - ASPSP Endpoints",
        "URL": {
            "Scheme": "https",
            "Opaque": "",
            "User": null,
            "Host": "openbanking.atlassian.net",
            "Path": "/wiki/spaces/DZ/pages/937951397/Event+Notification+API+Specification+-+v3.1",
            "RawPath": "",
            "ForceQuery": false,
            "RawQuery": "",
            "Fragment": ""
        },
        "Version": "v3.1",
        "SchemaVersion": {
            "Scheme": "https",
            "Opaque": "",
            "User": null,
            "Host": "raw.githubusercontent.com",
            "Path": "/OpenBankingUK/read-write-api-specs/v3.1.0/dist/callback-urls-swagger.yaml",
            "RawPath": "",
            "ForceQuery": false,
            "RawQuery": "",
            "Fragment": ""
        }
    },
    {
        "Identifier": "event-notification-tpp-v3.1",
        "Name": "Event Notification API Specification - TPP Endpoints",
        "URL": {
            "Scheme": "https",
            "Opaque": "",
            "User": null,
            "Host": "openbanking.atlassian.net",
            "Path": "/wiki/spaces/DZ/pages/937951397/Event+Notification+API+Specification+-+v3.1",
            "RawPath": "",
            "ForceQuery": false,
            "RawQuery": "",
            "Fragment": ""
        },
        "Version": "v3.1",
        "SchemaVersion": {
            "Scheme": "https",
            "Opaque": "",
            "User": null,
            "Host": "raw.githubusercontent.com",
            "Path": "/OpenBankingUK/read-write-api-specs/v3.1.0/dist/event-notifications-swagger.json",
            "RawPath": "",
            "ForceQuery": false,
            "RawQuery": "",
            "Fragment": ""
        }
    },
    {
        "Identifier": "account-transaction-v3.0",
        "Name": "Account and Transaction API Specification",
        "URL": {
            "Scheme": "https",
            "Opaque": "",
            "User": null,
            "Host": "openbanking.atlassian.net",
            "Path": "/wiki/spaces/DZ/pages/642090641/Account+and+Transaction+API+Specification+-+v3.0",
            "RawPath": "",
            "ForceQuery": false,
            "RawQuery": "",
            "Fragment": ""
        },
        "Version": "v3.0",
        "SchemaVersion": {
            "Scheme": "https",
            "Opaque": "",
            "User": null,
            "Host": "raw.githubusercontent.com",
            "Path": "/OpenBankingUK/read-write-api-specs/v3.0.0/dist/account-info-swagger.json",
            "RawPath": "",
            "ForceQuery": false,
            "RawQuery": "",
            "Fragment": ""
        }
    },
    {
        "Identifier": "payment-initiation-v3.0",
        "Name": "Payment Initiation API",
        "URL": {
            "Scheme": "https",
            "Opaque": "",
            "User": null,
            "Host": "openbanking.atlassian.net",
            "Path": "/wiki/spaces/DZ/pages/645367011/Payment+Initiation+API+Specification+-+v3.0",
            "RawPath": "",
            "ForceQuery": false,
            "RawQuery": "",
            "Fragment": ""
        },
        "Version": "v3.0",
        "SchemaVersion": {
            "Scheme": "https",
            "Opaque": "",
            "User": null,
            "Host": "raw.githubusercontent.com",
            "Path": "/OpenBankingUK/read-write-api-specs/v3.0.0/dist/payment-initiation-swagger.json",
            "RawPath": "",
            "ForceQuery": false,
            "RawQuery": "",
            "Fragment": ""
        }
    },
    {
        "Identifier": "confirmation-funds-v3.0",
        "Name": "Confirmation of Funds API Specification",
        "URL": {
            "Scheme": "https",
            "Opaque": "",
            "User": null,
            "Host": "openbanking.atlassian.net",
            "Path": "/wiki/spaces/DZ/pages/645203467/Confirmation+of+Funds+API+Specification+-+v3.0",
            "RawPath": "",
            "ForceQuery": false,
            "RawQuery": "",
            "Fragment": ""
        },
        "Version": "v3.0",
        "SchemaVersion": {
            "Scheme": "https",
            "Opaque": "",
            "User": null,
            "Host": "raw.githubusercontent.com",
            "Path": "/OpenBankingUK/read-write-api-specs/v3.0.0/dist/confirmation-funds-swagger.json",
            "RawPath": "",
            "ForceQuery": false,
            "RawQuery": "",
            "Fragment": ""
        }
    },
    {
        "Identifier": "event-notification-aspsp-v3.0",
        "Name": "Event Notification API Specification - ASPSP Endpoints",
        "URL": {
            "Scheme": "https",
            "Opaque": "",
            "User": null,
            "Host": "openbanking.atlassian.net",
            "Path": "/wiki/spaces/DZ/pages/645367055/Event+Notification+API+Specification+-+v3.0",
            "RawPath": "",
            "ForceQuery": false,
            "RawQuery": "",
            "Fragment": ""
        },
        "Version": "v3.0",
        "SchemaVersion": {
            "Scheme": "https",
            "Opaque": "",
            "User": null,
            "Host": "raw.githubusercontent.com",
            "Path": "/OpenBankingUK/read-write-api-specs/v3.0.0/dist/callback-urls-swagger.yaml",
            "RawPath": "",
            "ForceQuery": false,
            "RawQuery": "",
            "Fragment": ""
        }
    },
    {
        "Identifier": "event-notification-tpp-v3.0",
        "Name": "Event Notification API Specification - TPP Endpoints",
        "URL": {
            "Scheme": "https",
            "Opaque": "",
            "User": null,
            "Host": "openbanking.atlassian.net",
            "Path": "/wiki/spaces/DZ/pages/645367055/Event+Notification+API+Specification+-+v3.0",
            "RawPath": "",
            "ForceQuery": false,
            "RawQuery": "",
            "Fragment": ""
        },
        "Version": "v3.0",
        "SchemaVersion": {
            "Scheme": "https",
            "Opaque": "",
            "User": null,
            "Host": "raw.githubusercontent.com",
            "Path": "/OpenBankingUK/read-write-api-specs/v3.0.0/dist/event-notifications-swagger.yaml",
            "RawPath": "",
            "ForceQuery": false,
            "RawQuery": "",
            "Fragment": ""
        }
    }
]
